<html>
<body>
<pre>
<h1>礦ision Build Log</h1>
<h2>Tool Versions:</h2>
IDE-Version: μVision V5.18.0.0
Copyright (C) 2016 ARM Ltd and ARM Germany GmbH. All rights reserved.
License Information: YangYue Admin, YangYue, LIC=2TTFW-Q7ZK5-PF4IX-HMU9G-LD2A9-J2KGX
 
Tool Versions:
Toolchain:       MDK-ARM Professional  Version: 5.18
Toolchain Path:  C:\Keil_v5\ARM\ARMCC\Bin
C Compiler:      Armcc.exe V5.06 update 1 (build 61)
Assembler:       Armasm.exe V5.06 update 1 (build 61)
Linker/Locator:  ArmLink.exe V5.06 update 1 (build 61)
Library Manager: ArmAr.exe V5.06 update 1 (build 61)
Hex Converter:   FromElf.exe V5.06 update 1 (build 61)
CPU DLL:         SARMCM3.DLL V5.18
Dialog DLL:      DCM.DLL V1.13.6.0
Target DLL:      Segger\JL2CM3.dll V2.99.18.0
Dialog DLL:      TCM.DLL V1.14.8.0
 
<h2>Project:</h2>
F:\电设\小车控制\USER\math.uvprojx
Project File Date:  07/22/2021

<h2>Output:</h2>
*** Using Compiler 'V5.06 update 1 (build 61)', folder: 'C:\Keil_v5\ARM\ARMCC\Bin'
Build target 'USART'
compiling main.c...
..\HARDWARE\SERVO\SERVO.h(4): warning:  #1295-D: Deprecated declaration SERVO_Init - give arg types
  void SERVO_Init();
..\HARDWARE\SERVO\SERVO.h(6): warning:  #1295-D: Deprecated declaration SERVO_Set_ZERO - give arg types
  void SERVO_Set_ZERO();
..\HARDWARE\SERVO\SERVO.h(7): warning:  #1-D: last line of file ends without a newline
  #endif
..\HARDWARE\A4950T\A4950T.h(10): warning:  #1295-D: Deprecated declaration A4950T_Init - give arg types
  void A4950T_Init();
..\HARDWARE\A4950T\A4950T.h(29): warning:  #1-D: last line of file ends without a newline
  #endif
..\HARDWARE\Encoder\Encoder.h(9): warning:  #1295-D: Deprecated declaration Encoder_Init - give arg types
  void Encoder_Init();
..\HARDWARE\Encoder\Encoder.h(10): warning:  #1-D: last line of file ends without a newline
  #endif
main.c(95): warning:  #177-D: variable "t" was declared but never referenced
  		u32 t,len;
main.c(95): warning:  #177-D: variable "len" was declared but never referenced
  		u32 t,len;
main.c(148): warning:  #1-D: last line of file ends without a newline
  }
main.c: 10 warnings, 0 errors
linking...
Program Size: Code=35274 RO-data=6950 RW-data=232 ZI-data=7912  
FromELF: creating hex file...
"..\OBJ\USART.axf" - 0 Error(s), 10 Warning(s).

<h2>Collection of Component include folders:</h2>
  F:\电设\小车控制\USER\RTE
  C:\Keil_v5\ARM\PACK\Keil\STM32F1xx_DFP\2.2.0\Device\Include

<h2>Collection of Component Files used:</h2>
Build Time Elapsed:  00:00:01
</pre>
</body>
</html>
