<html>
<body>
<pre>
<h1>礦ision Build Log</h1>
<h2>Tool Versions:</h2>
IDE-Version: μVision V5.18.0.0
Copyright (C) 2016 ARM Ltd and ARM Germany GmbH. All rights reserved.
License Information: YangYue Admin, YangYue, LIC=2TTFW-Q7ZK5-PF4IX-HMU9G-LD2A9-J2KGX
 
Tool Versions:
Toolchain:       MDK-ARM Professional  Version: 5.18
Toolchain Path:  C:\Keil_v5\ARM\ARMCC\Bin
C Compiler:      Armcc.exe V5.06 update 1 (build 61)
Assembler:       Armasm.exe V5.06 update 1 (build 61)
Linker/Locator:  ArmLink.exe V5.06 update 1 (build 61)
Library Manager: ArmAr.exe V5.06 update 1 (build 61)
Hex Converter:   FromElf.exe V5.06 update 1 (build 61)
CPU DLL:         SARMCM3.DLL V5.18
Dialog DLL:      DCM.DLL V1.13.6.0
Target DLL:      Segger\JL2CM3.dll V2.99.18.0
Dialog DLL:      TCM.DLL V1.14.8.0
 
<h2>Project:</h2>
F:\电设\小车控制\USER\math.uvprojx
Project File Date:  07/21/2021

<h2>Output:</h2>
*** Using Compiler 'V5.06 update 1 (build 61)', folder: 'C:\Keil_v5\ARM\ARMCC\Bin'
Build target 'USART'
compiling Encoder.c...
..\HARDWARE\Encoder\Encoder.h(9): warning:  #1295-D: Deprecated declaration Encoder_Init - give arg types
  void Encoder_Init();
..\HARDWARE\Encoder\Encoder.h(10): warning:  #1-D: last line of file ends without a newline
  #endif
..\HARDWARE\Encoder\Encoder.c(90): warning:  #1-D: last line of file ends without a newline
  }
..\HARDWARE\Encoder\Encoder.c: 3 warnings, 0 errors
linking...
Program Size: Code=24394 RO-data=3550 RW-data=196 ZI-data=4316  
FromELF: creating hex file...
"..\OBJ\USART.axf" - 0 Error(s), 3 Warning(s).

<h2>Collection of Component include folders:</h2>
  F:\电设\小车控制\USER\RTE
  C:\Keil_v5\ARM\PACK\Keil\STM32F1xx_DFP\2.2.0\Device\Include

<h2>Collection of Component Files used:</h2>
Build Time Elapsed:  00:00:01
</pre>
</body>
</html>
